## mutation: stale sweep marks unknown without looking again (main's behaviour)
ℹ pass 9
ℹ fail 0
## mutation: stale sweep as on main (no re-check, unconditional UPDATE)
✖ the stale sweep leaves alone a receipt that got its answer after the sweep listed it
ℹ pass 8
ℹ fail 1
✖ failing tests:
✖ the stale sweep leaves alone a receipt that got its answer after the sweep listed it
## mutation: a late answer is not taken by a released receipt (main's behaviour)
✖ an answer that arrives after its receipt was released, and before any retry, is taken instead of being paid for twice
ℹ pass 8
ℹ fail 1
✖ failing tests:
✖ an answer that arrives after its receipt was released, and before any retry, is taken instead of being paid for twice
## mutation: release with billed=false does not settle the money (main's behaviour)
✖ an unknown receipt released by hand gives its money back only when it was found not billed
✖ an answer that arrives after its receipt was released, and before any retry, is taken instead of being paid for twice
ℹ pass 7
ℹ fail 2
✖ failing tests:
✖ an unknown receipt released by hand gives its money back only when it was found not billed
✖ an answer that arrives after its receipt was released, and before any retry, is taken instead of being paid for twice
## mutation: anyone signed in may approve
✖ only an admin with the owner role approves a price or a limit; anyone else changes nothing
✖ the owner's approvals, and nothing else, let a request be claimed; any admin can withdraw a price; a new approval ends a suspension
✖ an answer that arrives after its receipt was released, and before any retry, is taken instead of being paid for twice
✖ over the admin API: the session's role decides, a refusal is a 403, and the overview is readable by any admin
ℹ pass 5
ℹ fail 4
✖ failing tests:
✖ only an admin with the owner role approves a price or a limit; anyone else changes nothing
✖ the owner's approvals, and nothing else, let a request be claimed; any admin can withdraw a price; a new approval ends a suspension
✖ an answer that arrives after its receipt was released, and before any retry, is taken instead of being paid for twice
✖ over the admin API: the session's role decides, a refusal is a 403, and the overview is readable by any admin
## mutation: a provider's figure is released without acknowledgement
✖ a failed call that kept its reservation is released after checking; an answer, a call in flight, an unknown receipt and a provider's own figure are not
ℹ pass 8
ℹ fail 1
✖ failing tests:
✖ a failed call that kept its reservation is released after checking; an answer, a call in flight, an unknown receipt and a provider's own figure are not
## mutation: a received answer can be released
ℹ pass 9
ℹ fail 0
## mutation: alert threshold ignored (only a full row alerts)
✖ alerts: a limit row at the threshold, subjects of a kind together, a suspended price, and a ledger that does not add up
ℹ pass 8
ℹ fail 1
✖ failing tests:
✖ alerts: a limit row at the threshold, subjects of a kind together, a suspended price, and a ledger that does not add up
## mutation: approval leaves a suspension in place
✖ the owner's approvals, and nothing else, let a request be claimed; any admin can withdraw a price; a new approval ends a suspension
✖ an unknown receipt released by hand gives its money back only when it was found not billed
✖ a failed call that kept its reservation is released after checking; an answer, a call in flight, an unknown receipt and a provider's own figure are not
✖ the stale sweep leaves alone a receipt that got its answer after the sweep listed it
✖ an answer that arrives after its receipt was released, and before any retry, is taken instead of being paid for twice
✖ alerts: a limit row at the threshold, subjects of a kind together, a suspended price, and a ledger that does not add up
ℹ pass 3
ℹ fail 6
✖ failing tests:
✖ the owner's approvals, and nothing else, let a request be claimed; any admin can withdraw a price; a new approval ends a suspension
✖ an unknown receipt released by hand gives its money back only when it was found not billed
✖ a failed call that kept its reservation is released after checking; an answer, a call in flight, an unknown receipt and a provider's own figure are not
✖ the stale sweep leaves alone a receipt that got its answer after the sweep listed it
✖ an answer that arrives after its receipt was released, and before any retry, is taken instead of being paid for twice
✖ alerts: a limit row at the threshold, subjects of a kind together, a suspended price, and a ledger that does not add up
## no mutation
ℹ pass 9
ℹ fail 0
## mutation: stale sweep does not look again under the row lock
✖ the stale sweep leaves alone a receipt that changed after the sweep listed it: an answer, or a retry that made it fresh
ℹ pass 8
ℹ fail 1
✖ failing tests:
## mutation: a received answer can be released
✖ a failed call that kept its reservation is released after checking; an answer, a call in flight, an unknown receipt and a provider's own figure are not
ℹ pass 8
ℹ fail 1
✖ failing tests:
## mutation: an unknown receipt's attempt can be released on its own
✖ a failed call that kept its reservation is released after checking; an answer, a call in flight, an unknown receipt and a provider's own figure are not
ℹ pass 8
ℹ fail 1
✖ failing tests:
## mutation: release writes the attempt rows before the money call (lock order broken)
✔ releases, late outcomes, retries, sweeps and approvals at the same moment do not deadlock, and the ledger still adds up
ℹ pass 10
ℹ fail 0
✔ releases, late outcomes, retries, sweeps and approvals at the same moment do not deadlock, and the ledger still adds up
ℹ pass 10
ℹ fail 0
✔ releases, late outcomes, retries, sweeps and approvals at the same moment do not deadlock, and the ledger still adds up
ℹ pass 10
ℹ fail 0

# ---- after review round 1 ----
## after review round 1: no mutation
ℹ pass 11
ℹ fail 0
## mutation: not-billed release gives back every unknown attempt of the receipt (the round-1 code)
✖ found not billed gives back only the call that was checked: an earlier attempt of the receipt, released unchecked, keeps its money and its record
ℹ pass 10
ℹ fail 1
## mutation: a late failure rewrites an attempt that was already released (the round-1 code)
✖ found not billed gives back only the call that was checked: an earlier attempt of the receipt, released unchecked, keeps its money and its record
ℹ pass 10
ℹ fail 1
## mutation: prices with more decimals than the column are accepted (the round-1 code)
✖ a price or limit that is not what the mechanism can use is refused as entered
ℹ pass 10
ℹ fail 1
## mutation: a used-up limit has no finding of its own (the round-1 code)
✖ alerts: a limit row at the threshold, subjects of a kind together, a suspended price, and a ledger that does not add up
✖ releases, late outcomes, retries, sweeps and approvals at the same moment do not deadlock, and the ledger still adds up
ℹ pass 9
ℹ fail 2
## mutation: the limit alert ignores the month (reviewer's B1)
✖ alerts: a limit row at the threshold, subjects of a kind together, a suspended price, and a ledger that does not add up
✖ releases, late outcomes, retries, sweeps and approvals at the same moment do not deadlock, and the ledger still adds up
ℹ pass 9
ℹ fail 2
## mutation: subject rows stopped at zero alert (reviewer's B2)
✖ alerts: a limit row at the threshold, subjects of a kind together, a suspended price, and a ledger that does not add up
✖ releases, late outcomes, retries, sweeps and approvals at the same moment do not deadlock, and the ledger still adds up
ℹ pass 9
ℹ fail 2
## no mutation, again on the same database
ℹ pass 11
ℹ fail 0
