applied 0001_core.sql
applied 0002_events_reports.sql
applied 0003_monitor_leaderboard_notify.sql
applied 0004_admin_ops.sql
applied 0005_grouping_state.sql
applied 0006_embeddings.sql
applied 0007_leaderboard_prices.sql
applied 0008_monitor_display.sql
applied 0009_selectbench.sql
applied 0010_service_prices.sql
applied 0011_lb_alias_unique.sql
applied 0013_translation_attempts.sql
applied 0014_pool_search.sql
applied 0015_pool_freshness_idx.sql
applied 0016_publication_fact_release_idx.sql
applied 0017_sitemap_idx.sql
applied 0018_publication_sort_at.sql
applied 0019_seo_indexed.sql
applied 0020_story_summary.sql
applied 0021_seo_auto_index.sql
applied 0022_receipt_attempts_budgets.sql
applied 0023_processing_retry.sql
applied 0024_grouping_overrides_digest_inputs.sql
applied 0026_source_icon_checked.sql
applied 0027_feedback_forward_error.sql
applied 0028_selectbench_mean_score.sql
applied 0029_source_config_content_public.sql
applied 0030_collection_url_index.sql
applied 0031_selected_ready_index.sql
applied 0032_regroup_pending.sql
applied 0033_receipt_budget_index.sql
applied 0034_lz4_toast.sql
applied 0036_open_source_defaults.sql
applied 0037_x_article.sql
applied 0038_quote_translations.sql
applied 0039_dot_intake.sql
applied 0040_money_budgets.sql
applied 0041_price_unit_precision.sql
applied 0042_drop_leaderboard_monitor.sql
39 migration(s) applied
exit=0
